******************************************************************************
                  TI ARM Linker PC v20.2.4                     
******************************************************************************
>> Linked Mon Jan 25 13:19:38 2021

OUTPUT FILE NAME:   <ece230project5BrothertonC.out>
ENTRY POINT SYMBOL: "_c_int00_noargs"  address: 00000ee1


MEMORY CONFIGURATION

         name            origin    length      used     unused   attr    fill
----------------------  --------  ---------  --------  --------  ----  --------
  MAIN                  00000000   00040000  00001276  0003ed8a  R  X
  INFO                  00200000   00004000  00000000  00004000  R  X
  SRAM_CODE             01000000   00010000  0000022d  0000fdd3  RW X
  SRAM_DATA             20000000   00010000  0000022d  0000fdd3  RW  


SEGMENT ALLOCATION MAP

run origin  load origin   length   init length attrs members
----------  ----------- ---------- ----------- ----- -------
00000000    00000000    00001278   00001278    r-x
  00000000    00000000    000000e4   000000e4    r-- .intvecs
  000000e4    000000e4    000010aa   000010aa    r-x .text
  00001190    00001190    000000b8   000000b8    r-- .const
  00001248    00001248    00000030   00000030    r-- .cinit
20000000    20000000    00000030   00000000    rw-
  20000000    20000000    00000025   00000000    rw- .bss
  20000028    20000028    00000008   00000000    rw- .data
2000fe00    2000fe00    00000200   00000000    rw-
  2000fe00    2000fe00    00000200   00000000    rw- .stack


SECTION ALLOCATION MAP

 output                                  attributes/
section   page    origin      length       input sections
--------  ----  ----------  ----------   ----------------
.intvecs   0    00000000    000000e4     
                  00000000    000000e4     startup_msp432p401r_ccs.obj (.intvecs:retain)

.text      0    000000e4    000010aa     
                  000000e4    00000160     msp432p4xx_driverlib.lib : adc14.o (.text:_getIndexForMemRegister)
                  00000244    0000015c     main.obj (.text:setup)
                  000003a0    00000104     msp432p4xx_driverlib.lib : cs.o (.text:_CSComputeCLKFrequency)
                  000004a4    000000f8                              : cs.o (.text:CS_getDCOFrequency)
                  0000059c    000000b4                              : adc14.o (.text:ADC14_configureConversionMemory)
                  00000650    000000b4                              : adc14.o (.text:ADC14_configureMultiSequenceMode)
                  00000704    0000009c     rtsv7M4_T_le_v4SPD16_eabi.lib : memcpy_t2.asm.obj (.text)
                  000007a0    00000096                                   : ull_div_t2.asm.obj (.text)
                  00000836    00000002     startup_msp432p401r_ccs.obj (.text:Default_Handler)
                  00000838    00000094     msp432p4xx_driverlib.lib : sysctl_a.o (.text:SysCtl_A_getTLVInfo)
                  000008cc    00000088     main.obj (.text:ADC14_IRQHandler)
                  00000954    00000084     msp432p4xx_driverlib.lib : gpio.o (.text:GPIO_getEnabledInterruptStatus)
                  000009d8    00000084     lcd.obj (.text:writeInstruction)
                  00000a5c    00000080     msp432p4xx_driverlib.lib : interrupt.o (.text:Interrupt_enableInterrupt)
                  00000adc    0000007c                              : cs.o (.text:_CSGetDOCFrequency)
                  00000b58    00000078     system_msp432p401r.obj (.text:SystemInit)
                  00000bd0    00000078     delays.obj (.text:delayMicroSec)
                  00000c48    00000068     rtsv7M4_T_le_v4SPD16_eabi.lib : copy_decompress_lzss.c.obj (.text:decompress:lzss:__TI_decompress_lzss)
                  00000cb0    00000064     lcd.obj (.text:configLCD)
                  00000d14    00000062     msp432p4xx_driverlib.lib : cs.o (.text:_CSGetDividerValue)
                  00000d76    00000002     rtsv7M4_T_le_v4SPD16_eabi.lib : div0.asm.obj (.text)
                  00000d78    00000058     msp432p4xx_driverlib.lib : gpio.o (.text:GPIO_setAsInputPinWithPullUpResistor)
                  00000dd0    00000054     lcd.obj (.text:initLCD)
                  00000e24    00000044     rtsv7M4_T_le_v4SPD16_eabi.lib : autoinit.c.obj (.text:__TI_auto_init_nobinit_nopinit:__TI_auto_init_nobinit_nopinit)
                  00000e68    00000040     msp432p4xx_driverlib.lib : gpio.o (.text:GPIO_setAsOutputPin)
                  00000ea8    00000038     main.obj (.text:PORT1_IRQHandler)
                  00000ee0    00000034     rtsv7M4_T_le_v4SPD16_eabi.lib : boot_cortex_m.c.obj (.text:_c_int00_noargs:_c_int00_noargs)
                  00000f14    00000030     msp432p4xx_driverlib.lib : cs.o (.text:CS_clearInterruptFlag)
                  00000f44    0000002e     lcd.obj (.text:instructionDelay)
                  00000f72    00000002     --HOLE-- [fill = 0]
                  00000f74    00000028     msp432p4xx_driverlib.lib : adc14.o (.text:ADC14_getResult)
                  00000f9c    00000028                              : cs.o (.text:CS_getMCLK)
                  00000fc4    00000028                              : gpio.o (.text:GPIO_clearInterruptFlag)
                  00000fec    00000028                              : gpio.o (.text:GPIO_enableInterrupt)
                  00001014    00000028                              : gpio.o (.text:GPIO_setOutputHighOnPin)
                  0000103c    00000028                              : gpio.o (.text:GPIO_setOutputLowOnPin)
                  00001064    00000024                              : gpio.o (.text:GPIO_getInterruptStatus)
                  00001088    00000022     Switch.obj (.text:Switch_init)
                  000010aa    0000001c     rtsv7M4_T_le_v4SPD16_eabi.lib : copy_zero_init.c.obj (.text:decompress:ZI:__TI_zero_init_nomemset:__TI_zero_init_nomemset)
                  000010c6    00000002     --HOLE-- [fill = 0]
                  000010c8    00000018     msp432p4xx_driverlib.lib : systick.o (.text:SysTick_setPeriod)
                  000010e0    00000018     delays.obj (.text:initDelayTimer)
                  000010f8    00000018     rtsv7M4_T_le_v4SPD16_eabi.lib : ll_mul_t2.asm.obj (.text)
                  00001110    00000012     lcd.obj (.text:commandInstruction)
                  00001122    00000012     delays.obj (.text:delayMilliSec)
                  00001134    00000010     msp432p4xx_driverlib.lib : adc14.o (.text:ADCIsConversionRunning)
                  00001144    00000010                              : systick.o (.text:SysTick_disableModule)
                  00001154    00000010                              : systick.o (.text:SysTick_enableModule)
                  00001164    0000000e     rtsv7M4_T_le_v4SPD16_eabi.lib : copy_decompress_none.c.obj (.text:decompress:none:__TI_decompress_none)
                  00001172    0000000c     startup_msp432p401r_ccs.obj (.text:Reset_Handler)
                  0000117e    00000008     main.obj (.text:main)
                  00001186    00000004     rtsv7M4_T_le_v4SPD16_eabi.lib : pre_init.c.obj (.text:_system_pre_init)
                  0000118a    00000004                                   : exit.c.obj (.text:abort:abort)

.const     0    00001190    000000b8     
                  00001190    00000080     msp432p4xx_driverlib.lib : adc14.o (.const:_ctlRegs)
                  00001210    00000030                              : gpio.o (.const:GPIO_PORT_TO_BASE)
                  00001240    00000008                              : interrupt.o (.const:g_pulEnRegs)

.cinit     0    00001248    00000030     
                  00001248    0000000c     (__TI_handler_table)
                  00001254    00000004     --HOLE-- [fill = 0]
                  00001258    00000008     (.cinit..bss.load) [load image, compression = zero_init]
                  00001260    00000007     (.cinit..data.load) [load image, compression = lzss]
                  00001267    00000001     --HOLE-- [fill = 0]
                  00001268    00000010     (__TI_cinit_table)

.init_array 
*          0    00000000    00000000     UNINITIALIZED

.binit     0    00000000    00000000     

.bss       0    20000000    00000025     UNINITIALIZED
                  20000000    00000008     main.obj (.bss)
                  20000008    00000008     msp432p4xx_driverlib.lib : cs.o (.bss)
                  20000010    00000004     (.common:DB_Port)
                  20000014    00000004     (.common:EN_Pin)
                  20000018    00000004     (.common:EN_Port)
                  2000001c    00000004     (.common:RS_Pin)
                  20000020    00000004     (.common:RS_Port)
                  20000024    00000001     (.common:usePotentiometerCircuit)

.data      0    20000028    00000008     UNINITIALIZED
                  20000028    00000008     delays.obj (.data)

.stack     0    2000fe00    00000200     UNINITIALIZED
                  2000fe00    00000004     rtsv7M4_T_le_v4SPD16_eabi.lib : boot_cortex_m.c.obj (.stack)
                  2000fe04    000001fc     --HOLE--

__llvm_prf_cnts 
*          0    20000000    00000000     UNINITIALIZED

MODULE SUMMARY

       Module                        code   ro data   rw data
       ------                        ----   -------   -------
    .\
       main.obj                      548    0         18     
       lcd.obj                       380    0         40     
       delays.obj                    162    0         16     
       system_msp432p401r.obj        120    0         0      
       Switch.obj                    34     0         0      
    +--+-----------------------------+------+---------+---------+
       Total:                        1244   0         74     
                                                             
    .\ccs\
       startup_msp432p401r_ccs.obj   14     228       0      
    +--+-----------------------------+------+---------+---------+
       Total:                        14     228       0      
                                                             
    C:/ti/simplelink_msp432p4_sdk_3_40_01_02/source/ti/devices/msp432p4xx/driverlib/ccs/msp432p4xx_driverlib.lib
       adc14.o                       768    128       0      
       cs.o                          818    0         16     
       gpio.o                        480    48        0      
       sysctl_a.o                    148    0         0      
       interrupt.o                   128    8         0      
       systick.o                     56     0         0      
    +--+-----------------------------+------+---------+---------+
       Total:                        2398   184       16     
                                                             
    C:\ti\ccs1011\ccs\tools\compiler\ti-cgt-arm_20.2.4.LTS\lib\rtsv7M4_T_le_v4SPD16_eabi.lib
       memcpy_t2.asm.obj             156    0         0      
       ull_div_t2.asm.obj            150    0         0      
       copy_decompress_lzss.c.obj    104    0         0      
       autoinit.c.obj                68     0         0      
       boot_cortex_m.c.obj           52     0         0      
       copy_zero_init.c.obj          28     0         0      
       ll_mul_t2.asm.obj             24     0         0      
       copy_decompress_none.c.obj    14     0         0      
       exit.c.obj                    4      0         0      
       pre_init.c.obj                4      0         0      
       div0.asm.obj                  2      0         0      
    +--+-----------------------------+------+---------+---------+
       Total:                        606    0         0      
                                                             
       Stack:                        0      0         1024   
       Linker Generated:             0      43        0      
    +--+-----------------------------+------+---------+---------+
       Grand Total:                  4262   455       1114   


LINKER GENERATED COPY TABLES

__TI_cinit_table @ 00001268 records: 2, size/record: 8, table size: 16
	.bss: load addr=00001258, load size=00000008 bytes, run addr=20000000, run size=00000025 bytes, compression=zero_init
	.data: load addr=00001260, load size=00000007 bytes, run addr=20000028, run size=00000008 bytes, compression=lzss


LINKER GENERATED HANDLER TABLE

__TI_handler_table @ 00001248 records: 3, size/record: 4, table size: 12
	index: 0, handler: __TI_decompress_lzss
	index: 1, handler: __TI_decompress_none
	index: 2, handler: __TI_zero_init


GLOBAL SYMBOLS: SORTED ALPHABETICALLY BY Name 

address   name                                
-------   ----                                
000008cd  ADC14_IRQHandler                    
000008cd  ADC14_IRQHandler                    
0000059d  ADC14_configureConversionMemory     
00000651  ADC14_configureMultiSequenceMode    
00000f75  ADC14_getResult                     
00000837  AES256_IRQHandler                   
00000837  BusFault_Handler                    
0000118b  C$$EXIT                             
00000837  COMP_E0_IRQHandler                  
00000837  COMP_E1_IRQHandler                  
00000837  CS_IRQHandler                       
00000f15  CS_clearInterruptFlag               
000004a5  CS_getDCOFrequency                  
00000f9d  CS_getMCLK                          
20000010  DB_Port                             
00000837  DMA_ERR_IRQHandler                  
00000837  DMA_INT0_IRQHandler                 
00000837  DMA_INT1_IRQHandler                 
00000837  DMA_INT2_IRQHandler                 
00000837  DMA_INT3_IRQHandler                 
00000837  DebugMon_Handler                    
00000837  Default_Handler                     
20000014  EN_Pin                              
20000018  EN_Port                             
00000837  EUSCIA0_IRQHandler                  
00000837  EUSCIA1_IRQHandler                  
00000837  EUSCIA2_IRQHandler                  
00000837  EUSCIA3_IRQHandler                  
00000837  EUSCIB0_IRQHandler                  
00000837  EUSCIB1_IRQHandler                  
00000837  EUSCIB2_IRQHandler                  
00000837  EUSCIB3_IRQHandler                  
00000837  FLCTL_IRQHandler                    
00000837  FPU_IRQHandler                      
00000fc5  GPIO_clearInterruptFlag             
00000fed  GPIO_enableInterrupt                
00000955  GPIO_getEnabledInterruptStatus      
00001065  GPIO_getInterruptStatus             
00000d79  GPIO_setAsInputPinWithPullUpResistor
00000e69  GPIO_setAsOutputPin                 
00001015  GPIO_setOutputHighOnPin             
0000103d  GPIO_setOutputLowOnPin              
00000837  HardFault_Handler                   
00000a5d  Interrupt_enableInterrupt           
00000837  MemManage_Handler                   
00000837  NMI_Handler                         
00000837  PCM_IRQHandler                      
00000ea9  PORT1_IRQHandler                    
00000ea9  PORT1_IRQHandler                    
00000837  PORT2_IRQHandler                    
00000837  PORT3_IRQHandler                    
00000837  PORT4_IRQHandler                    
00000837  PORT5_IRQHandler                    
00000837  PORT6_IRQHandler                    
00000837  PSS_IRQHandler                      
00000837  PendSV_Handler                      
2000001c  RS_Pin                              
20000020  RS_Port                             
00000837  RTC_C_IRQHandler                    
00001173  Reset_Handler                       
00000837  SVC_Handler                         
00001089  Switch_init                         
00000839  SysCtl_A_getTLVInfo                 
00000837  SysTick_Handler                     
00001145  SysTick_disableModule               
00001155  SysTick_enableModule                
000010c9  SysTick_setPeriod                   
00000b59  SystemInit                          
00000837  T32_INT1_IRQHandler                 
00000837  T32_INT2_IRQHandler                 
00000837  T32_INTC_IRQHandler                 
00000837  TA0_0_IRQHandler                    
00000837  TA0_N_IRQHandler                    
00000837  TA1_0_IRQHandler                    
00000837  TA1_N_IRQHandler                    
00000837  TA2_0_IRQHandler                    
00000837  TA2_N_IRQHandler                    
00000837  TA3_0_IRQHandler                    
00000837  TA3_N_IRQHandler                    
00000837  UsageFault_Handler                  
4000480c  WDTCTL_SYM                          
00000837  WDT_A_IRQHandler                    
20010000  __STACK_END                         
00000200  __STACK_SIZE                        
00001268  __TI_CINIT_Base                     
00001278  __TI_CINIT_Limit                    
00001248  __TI_Handler_Table_Base             
00001254  __TI_Handler_Table_Limit            
00000e25  __TI_auto_init_nobinit_nopinit      
00000c49  __TI_decompress_lzss                
00001165  __TI_decompress_none                
ffffffff  __TI_pprof_out_hndl                 
ffffffff  __TI_prof_data_size                 
ffffffff  __TI_prof_data_start                
00000000  __TI_static_base__                  
000010ab  __TI_zero_init_nomemset             
00000d77  __aeabi_idiv0                       
00000d77  __aeabi_ldiv0                       
000010f9  __aeabi_lmul                        
00000705  __aeabi_memcpy                      
00000705  __aeabi_memcpy4                     
00000705  __aeabi_memcpy8                     
000007a1  __aeabi_uldivmod                    
ffffffff  __binit__                           
ffffffff  __c_args__                          
UNDEFED   __mpu_init                          
2000fe00  __stack                             
20000000  __start___llvm_prf_cnts             
20000000  __stop___llvm_prf_cnts              
00000ee1  _c_int00_noargs                     
UNDEFED   _system_post_cinit                  
00001187  _system_pre_init                    
0000118b  abort                               
ffffffff  binit                               
00001111  commandInstruction                  
00000cb1  configLCD                           
00000bd1  delayMicroSec                       
00001123  delayMilliSec                       
000010e1  initDelayTimer                      
00000dd1  initLCD                             
00000f45  instructionDelay                    
00000000  interruptVectors                    
0000117f  main                                
00000705  memcpy                              
00000245  setup                               
20000028  sysClkFreq                          
20000024  usePotentiometerCircuit             
000009d9  writeInstruction                    


GLOBAL SYMBOLS: SORTED BY Symbol Address 

address   name                                
-------   ----                                
00000000  __TI_static_base__                  
00000000  interruptVectors                    
00000200  __STACK_SIZE                        
00000245  setup                               
000004a5  CS_getDCOFrequency                  
0000059d  ADC14_configureConversionMemory     
00000651  ADC14_configureMultiSequenceMode    
00000705  __aeabi_memcpy                      
00000705  __aeabi_memcpy4                     
00000705  __aeabi_memcpy8                     
00000705  memcpy                              
000007a1  __aeabi_uldivmod                    
00000837  AES256_IRQHandler                   
00000837  BusFault_Handler                    
00000837  COMP_E0_IRQHandler                  
00000837  COMP_E1_IRQHandler                  
00000837  CS_IRQHandler                       
00000837  DMA_ERR_IRQHandler                  
00000837  DMA_INT0_IRQHandler                 
00000837  DMA_INT1_IRQHandler                 
00000837  DMA_INT2_IRQHandler                 
00000837  DMA_INT3_IRQHandler                 
00000837  DebugMon_Handler                    
00000837  Default_Handler                     
00000837  EUSCIA0_IRQHandler                  
00000837  EUSCIA1_IRQHandler                  
00000837  EUSCIA2_IRQHandler                  
00000837  EUSCIA3_IRQHandler                  
00000837  EUSCIB0_IRQHandler                  
00000837  EUSCIB1_IRQHandler                  
00000837  EUSCIB2_IRQHandler                  
00000837  EUSCIB3_IRQHandler                  
00000837  FLCTL_IRQHandler                    
00000837  FPU_IRQHandler                      
00000837  HardFault_Handler                   
00000837  MemManage_Handler                   
00000837  NMI_Handler                         
00000837  PCM_IRQHandler                      
00000837  PORT2_IRQHandler                    
00000837  PORT3_IRQHandler                    
00000837  PORT4_IRQHandler                    
00000837  PORT5_IRQHandler                    
00000837  PORT6_IRQHandler                    
00000837  PSS_IRQHandler                      
00000837  PendSV_Handler                      
00000837  RTC_C_IRQHandler                    
00000837  SVC_Handler                         
00000837  SysTick_Handler                     
00000837  T32_INT1_IRQHandler                 
00000837  T32_INT2_IRQHandler                 
00000837  T32_INTC_IRQHandler                 
00000837  TA0_0_IRQHandler                    
00000837  TA0_N_IRQHandler                    
00000837  TA1_0_IRQHandler                    
00000837  TA1_N_IRQHandler                    
00000837  TA2_0_IRQHandler                    
00000837  TA2_N_IRQHandler                    
00000837  TA3_0_IRQHandler                    
00000837  TA3_N_IRQHandler                    
00000837  UsageFault_Handler                  
00000837  WDT_A_IRQHandler                    
00000839  SysCtl_A_getTLVInfo                 
000008cd  ADC14_IRQHandler                    
000008cd  ADC14_IRQHandler                    
00000955  GPIO_getEnabledInterruptStatus      
000009d9  writeInstruction                    
00000a5d  Interrupt_enableInterrupt           
00000b59  SystemInit                          
00000bd1  delayMicroSec                       
00000c49  __TI_decompress_lzss                
00000cb1  configLCD                           
00000d77  __aeabi_idiv0                       
00000d77  __aeabi_ldiv0                       
00000d79  GPIO_setAsInputPinWithPullUpResistor
00000dd1  initLCD                             
00000e25  __TI_auto_init_nobinit_nopinit      
00000e69  GPIO_setAsOutputPin                 
00000ea9  PORT1_IRQHandler                    
00000ea9  PORT1_IRQHandler                    
00000ee1  _c_int00_noargs                     
00000f15  CS_clearInterruptFlag               
00000f45  instructionDelay                    
00000f75  ADC14_getResult                     
00000f9d  CS_getMCLK                          
00000fc5  GPIO_clearInterruptFlag             
00000fed  GPIO_enableInterrupt                
00001015  GPIO_setOutputHighOnPin             
0000103d  GPIO_setOutputLowOnPin              
00001065  GPIO_getInterruptStatus             
00001089  Switch_init                         
000010ab  __TI_zero_init_nomemset             
000010c9  SysTick_setPeriod                   
000010e1  initDelayTimer                      
000010f9  __aeabi_lmul                        
00001111  commandInstruction                  
00001123  delayMilliSec                       
00001145  SysTick_disableModule               
00001155  SysTick_enableModule                
00001165  __TI_decompress_none                
00001173  Reset_Handler                       
0000117f  main                                
00001187  _system_pre_init                    
0000118b  C$$EXIT                             
0000118b  abort                               
00001248  __TI_Handler_Table_Base             
00001254  __TI_Handler_Table_Limit            
00001268  __TI_CINIT_Base                     
00001278  __TI_CINIT_Limit                    
20000000  __start___llvm_prf_cnts             
20000000  __stop___llvm_prf_cnts              
20000010  DB_Port                             
20000014  EN_Pin                              
20000018  EN_Port                             
2000001c  RS_Pin                              
20000020  RS_Port                             
20000024  usePotentiometerCircuit             
20000028  sysClkFreq                          
2000fe00  __stack                             
20010000  __STACK_END                         
4000480c  WDTCTL_SYM                          
ffffffff  __TI_pprof_out_hndl                 
ffffffff  __TI_prof_data_size                 
ffffffff  __TI_prof_data_start                
ffffffff  __binit__                           
ffffffff  __c_args__                          
ffffffff  binit                               
UNDEFED   __mpu_init                          
UNDEFED   _system_post_cinit                  

[128 symbols]
